192.168.1.1 - alice [27/Mar/2026:08:01:14 -0400] "GET /api/users HTTP/1.1" 200 4821 "https://example.com/dashboard" "Mozilla/5.0 (Macintosh; Intel Mac OS X 10_15_7)"
192.168.1.2 - bob [27/Mar/2026:08:01:45 -0400] "POST /api/login HTTP/1.1" 200 312 "-" "curl/7.88.0"
10.0.0.5 - - [27/Mar/2026:08:02:03 -0400] "GET /api/products HTTP/1.1" 200 9143 "https://example.com/" "Mozilla/5.0 (Windows NT 10.0; Win64; x64)"
192.168.1.1 - alice [27/Mar/2026:08:02:31 -0400] "GET /api/users/42 HTTP/1.1" 200 1024 "https://example.com/dashboard" "Mozilla/5.0 (Macintosh; Intel Mac OS X 10_15_7)"
10.0.0.8 - - [27/Mar/2026:08:03:02 -0400] "GET /api/orders HTTP/1.1" 401 89 "-" "python-requests/2.28.0"
172.16.0.3 - carol [27/Mar/2026:08:03:19 -0400] "DELETE /api/users/7 HTTP/1.1" 403 201 "-" "Mozilla/5.0 (X11; Linux x86_64)"
10.0.0.5 - - [27/Mar/2026:08:03:44 -0400] "GET /api/products/99 HTTP/1.1" 404 112 "https://example.com/shop" "Mozilla/5.0 (Windows NT 10.0; Win64; x64)"
192.168.1.3 - dave [27/Mar/2026:08:04:11 -0400] "PUT /api/users/42 HTTP/1.1" 200 998 "-" "curl/7.88.0"
10.0.0.9 - - [27/Mar/2026:08:04:38 -0400] "GET /health HTTP/1.1" 200 17 "-" "ELB-HealthChecker/2.0"
192.168.1.2 - bob [27/Mar/2026:08:05:02 -0400] "GET /api/orders/1001 HTTP/1.1" 200 3302 "https://example.com/orders" "curl/7.88.0"
172.16.0.3 - carol [27/Mar/2026:08:05:29 -0400] "POST /api/products HTTP/1.1" 201 654 "-" "Mozilla/5.0 (X11; Linux x86_64)"
10.0.0.5 - - [27/Mar/2026:08:05:57 -0400] "GET /api/products HTTP/1.1" 200 9143 "https://example.com/" "Mozilla/5.0 (Windows NT 10.0; Win64; x64)"
192.168.1.4 - eve [27/Mar/2026:08:06:14 -0400] "GET /api/users HTTP/1.1" 403 201 "-" "python-requests/2.28.0"
10.0.0.8 - - [27/Mar/2026:08:06:41 -0400] "POST /api/login HTTP/1.1" 401 89 "-" "python-requests/2.28.0"
192.168.1.1 - alice [27/Mar/2026:08:07:03 -0400] "GET /api/reports HTTP/1.1" 200 18432 "https://example.com/dashboard" "Mozilla/5.0 (Macintosh; Intel Mac OS X 10_15_7)"
10.0.0.9 - - [27/Mar/2026:08:07:30 -0400] "GET /health HTTP/1.1" 200 17 "-" "ELB-HealthChecker/2.0"
172.16.0.4 - frank [27/Mar/2026:08:07:58 -0400] "GET /api/orders HTTP/1.1" 200 7741 "https://example.com/orders" "Mozilla/5.0 (iPhone; CPU iPhone OS 16_0)"
192.168.1.3 - dave [27/Mar/2026:08:08:21 -0400] "POST /api/orders HTTP/1.1" 500 534 "-" "curl/7.88.0"
10.0.0.5 - - [27/Mar/2026:08:08:49 -0400] "GET /api/products/12 HTTP/1.1" 200 2211 "https://example.com/shop" "Mozilla/5.0 (Windows NT 10.0; Win64; x64)"
192.168.1.2 - bob [27/Mar/2026:08:09:14 -0400] "DELETE /api/orders/1001 HTTP/1.1" 204 0 "-" "curl/7.88.0"
172.16.0.3 - carol [27/Mar/2026:08:09:40 -0400] "PUT /api/products/15 HTTP/1.1" 200 812 "-" "Mozilla/5.0 (X11; Linux x86_64)"
10.0.0.8 - - [27/Mar/2026:08:10:07 -0400] "GET /api/users HTTP/1.1" 401 89 "-" "python-requests/2.28.0"
192.168.1.4 - eve [27/Mar/2026:08:10:35 -0400] "POST /api/login HTTP/1.1" 200 312 "-" "python-requests/2.28.0"
172.16.0.4 - frank [27/Mar/2026:08:11:02 -0400] "GET /api/orders/2002 HTTP/1.1" 200 4410 "https://example.com/orders" "Mozilla/5.0 (iPhone; CPU iPhone OS 16_0)"
192.168.1.1 - alice [27/Mar/2026:08:11:28 -0400] "GET /api/users/99 HTTP/1.1" 404 112 "https://example.com/dashboard" "Mozilla/5.0 (Macintosh; Intel Mac OS X 10_15_7)"
10.0.0.9 - - [27/Mar/2026:08:11:55 -0400] "GET /health HTTP/1.1" 200 17 "-" "ELB-HealthChecker/2.0"
192.168.1.3 - dave [27/Mar/2026:08:12:20 -0400] "GET /api/orders HTTP/1.1" 200 7741 "-" "curl/7.88.0"
10.0.0.5 - - [27/Mar/2026:08:12:47 -0400] "POST /api/products HTTP/1.1" 201 654 "https://example.com/admin" "Mozilla/5.0 (Windows NT 10.0; Win64; x64)"
172.16.0.3 - carol [27/Mar/2026:08:13:13 -0400] "GET /api/users HTTP/1.1" 200 4821 "-" "Mozilla/5.0 (X11; Linux x86_64)"
192.168.1.2 - bob [27/Mar/2026:08:13:40 -0400] "PUT /api/orders/2002 HTTP/1.1" 500 534 "-" "curl/7.88.0"
10.0.0.8 - - [27/Mar/2026:08:14:05 -0400] "GET /api/products HTTP/1.1" 200 9143 "-" "python-requests/2.28.0"
192.168.1.4 - eve [27/Mar/2026:08:14:32 -0400] "GET /api/reports HTTP/1.1" 200 18432 "-" "python-requests/2.28.0"
172.16.0.4 - frank [27/Mar/2026:08:14:59 -0400] "DELETE /api/products/15 HTTP/1.1" 403 201 "-" "Mozilla/5.0 (iPhone; CPU iPhone OS 16_0)"
192.168.1.1 - alice [27/Mar/2026:08:15:24 -0400] "POST /api/orders HTTP/1.1" 201 654 "https://example.com/dashboard" "Mozilla/5.0 (Macintosh; Intel Mac OS X 10_15_7)"
10.0.0.9 - - [27/Mar/2026:08:15:51 -0400] "GET /health HTTP/1.1" 200 17 "-" "ELB-HealthChecker/2.0"
192.168.1.3 - dave [27/Mar/2026:08:16:17 -0400] "GET /api/users/42 HTTP/1.1" 200 1024 "-" "curl/7.88.0"
10.0.0.5 - - [27/Mar/2026:08:16:44 -0400] "GET /api/orders/3003 HTTP/1.1" 404 112 "https://example.com/orders" "Mozilla/5.0 (Windows NT 10.0; Win64; x64)"
172.16.0.3 - carol [27/Mar/2026:08:17:09 -0400] "POST /api/login HTTP/1.1" 200 312 "-" "Mozilla/5.0 (X11; Linux x86_64)"
192.168.1.2 - bob [27/Mar/2026:08:17:36 -0400] "GET /api/products/12 HTTP/1.1" 200 2211 "https://example.com/shop" "curl/7.88.0"
10.0.0.8 - - [27/Mar/2026:08:18:01 -0400] "POST /api/orders HTTP/1.1" 401 89 "-" "python-requests/2.28.0"
192.168.1.4 - eve [27/Mar/2026:08:18:28 -0400] "PUT /api/users/7 HTTP/1.1" 200 998 "-" "python-requests/2.28.0"
172.16.0.4 - frank [27/Mar/2026:08:18:55 -0400] "GET /api/users HTTP/1.1" 200 4821 "https://example.com/" "Mozilla/5.0 (iPhone; CPU iPhone OS 16_0)"
192.168.1.1 - alice [27/Mar/2026:08:19:20 -0400] "GET /api/products HTTP/1.1" 200 9143 "https://example.com/dashboard" "Mozilla/5.0 (Macintosh; Intel Mac OS X 10_15_7)"
10.0.0.9 - - [27/Mar/2026:08:19:47 -0400] "GET /health HTTP/1.1" 200 17 "-" "ELB-HealthChecker/2.0"
192.168.1.3 - dave [27/Mar/2026:08:20:13 -0400] "DELETE /api/users/99 HTTP/1.1" 404 112 "-" "curl/7.88.0"
10.0.0.5 - - [27/Mar/2026:08:20:40 -0400] "GET /api/reports HTTP/1.1" 500 534 "https://example.com/admin" "Mozilla/5.0 (Windows NT 10.0; Win64; x64)"
172.16.0.3 - carol [27/Mar/2026:08:21:06 -0400] "GET /api/orders HTTP/1.1" 200 7741 "-" "Mozilla/5.0 (X11; Linux x86_64)"
192.168.1.2 - bob [27/Mar/2026:08:21:33 -0400] "POST /api/products HTTP/1.1" 201 654 "-" "curl/7.88.0"
10.0.0.8 - - [27/Mar/2026:08:22:00 -0400] "GET /api/users/42 HTTP/1.1" 401 89 "-" "python-requests/2.28.0"
192.168.1.4 - eve [27/Mar/2026:08:22:26 -0400] "GET /api/orders/2002 HTTP/1.1" 200 4410 "-" "python-requests/2.28.0"